   text	   data	    bss	    dec	    hex	filename
 0xf318	 0x1738	  0x324	  68980	  10d74	/module/data/BUILD/GAP8_V2/GCC_RISCV/model
/module/data/BUILD/GAP8_V2/GCC_RISCV/model:00000338 00000001 D __rt_hyper_pending_emu_do_memcpy	/gap_sdk/rtos/pulp/pulp-os/drivers/hyper/hyperram-v1.c:53
/module/data/BUILD/GAP8_V2/GCC_RISCV/model:1b000bb8 00000001 D camera_isAwaked	/gap_sdk/rtos/pulp/pulp-os/drivers_deprecated/camera/himax.c:150
/module/data/BUILD/GAP8_V2/GCC_RISCV/model:1c008832 00000002 T __flash_conf_init	/gap_sdk/rtos/pmsis/pmsis_bsp/flash/flash.c:33
/module/data/BUILD/GAP8_V2/GCC_RISCV/model:1c0090ec 00000002 t __pi_host_fs_direct_read_async
/module/data/BUILD/GAP8_V2/GCC_RISCV/model:1c008fb4 00000002 t __pi_host_fs_unmount	/gap_sdk/rtos/pmsis/pmsis_bsp/fs/host_fs/host_fs.c:40
/module/data/BUILD/GAP8_V2/GCC_RISCV/model:1c00c146 00000002 T __rt_fll_deinit	/gap_sdk/rtos/pulp/pulp-os/kernel/gap/pmu_driver.c:876
/module/data/BUILD/GAP8_V2/GCC_RISCV/model:1c00c148 00000002 T __rt_flls_constructor	/gap_sdk/rtos/pulp/pulp-os/kernel/gap/pmu_driver.c:880
/module/data/BUILD/GAP8_V2/GCC_RISCV/model:1c00af4e 00000002 W illegal_insn_handler_c	/gap_sdk/rtos/pulp/pulp-os/kernel/irq.c:89
/module/data/BUILD/GAP8_V2/GCC_RISCV/model:1c009ede 00000002 T pi_partition_table_free	/gap_sdk/rtos/pmsis/pmsis_bsp/partition/partition.c:46
/module/data/BUILD/GAP8_V2/GCC_RISCV/model:1c00b63c 00000002 T pi_task_push_delayed_us	/gap_sdk/rtos/pulp/pulp-os/kernel/events.c:273
/module/data/BUILD/GAP8_V2/GCC_RISCV/model:1c00f594 00000003 d ToHWDCDC_Pos	/gap_sdk/rtos/pulp/pulp-os/kernel/gap/pmu_driver.c:192
/module/data/BUILD/GAP8_V2/GCC_RISCV/model:1c00f574 00000004 D Img_In	/module/data/model.c:39
/module/data/BUILD/GAP8_V2/GCC_RISCV/model:1c00f598 00000004 D PMURetentionState
/module/data/BUILD/GAP8_V2/GCC_RISCV/model:1c00f570 00000004 D ResOut	/module/data/model.c:36
/module/data/BUILD/GAP8_V2/GCC_RISCV/model:1c00f5a4 00000004 d RetPMUStateToPMUState	/gap_sdk/rtos/pulp/pulp-os/kernel/gap/pmu_driver.c:185
/module/data/BUILD/GAP8_V2/GCC_RISCV/model:1c00f8d4 00000004 b __bsp_init_pads_done	/gap_sdk/rtos/pmsis/pmsis_bsp/bsp/ai_deck.c:28
/module/data/BUILD/GAP8_V2/GCC_RISCV/model:1c00f8e0 00000004 b __pi_hyper_cluster_reqs_first	/gap_sdk/rtos/pulp/pulp-os/drivers/hyper/hyperram-v1.c:62
/module/data/BUILD/GAP8_V2/GCC_RISCV/model:1c008a4c 00000004 t __pi_read_fs_unmount	/gap_sdk/rtos/pmsis/pmsis_bsp/fs/read_fs/read_fs.c:230
/module/data/BUILD/GAP8_V2/GCC_RISCV/model:1c00f92c 00000004 B __rt_alloc_fc_tcdm
/module/data/BUILD/GAP8_V2/GCC_RISCV/model:1c00f924 00000004 B __rt_alloc_l1
/module/data/BUILD/GAP8_V2/GCC_RISCV/model:1c00f928 00000004 B __rt_alloc_l2
/module/data/BUILD/GAP8_V2/GCC_RISCV/model:00000014 00000004 d __rt_bridge_eeprom_handle	/gap_sdk/rtos/pulp/pulp-os/kernel/bridge.c:25
/module/data/BUILD/GAP8_V2/GCC_RISCV/model:00000010 00000004 d __rt_bridge_flash_cs	/gap_sdk/rtos/pulp/pulp-os/kernel/bridge.c:29
/module/data/BUILD/GAP8_V2/GCC_RISCV/model:00000004 00000004 d __rt_bridge_flash_handle	/gap_sdk/rtos/pulp/pulp-os/kernel/bridge.c:26
/module/data/BUILD/GAP8_V2/GCC_RISCV/model:0000000c 00000004 d __rt_bridge_flash_itf	/gap_sdk/rtos/pulp/pulp-os/kernel/bridge.c:28
/module/data/BUILD/GAP8_V2/GCC_RISCV/model:00000008 00000004 d __rt_bridge_flash_type	/gap_sdk/rtos/pulp/pulp-os/kernel/bridge.c:27
/module/data/BUILD/GAP8_V2/GCC_RISCV/model:10000040 00000004 D __rt_cluster_fc_task_lock	/gap_sdk/rtos/pulp/pulp-os/kernel/cluster.c:59
/module/data/BUILD/GAP8_V2/GCC_RISCV/model:00000018 00000004 D __rt_cluster_nb_active_pe
/module/data/BUILD/GAP8_V2/GCC_RISCV/model:1c00f940 00000004 B __rt_cluster_tasks	/gap_sdk/rtos/pulp/pulp-os/kernel/cluster.c:41
/module/data/BUILD/GAP8_V2/GCC_RISCV/model:1b000b9c 00000004 D __rt_debug_config
/module/data/BUILD/GAP8_V2/GCC_RISCV/model:1b000b98 00000004 D __rt_debug_config_trace
/module/data/BUILD/GAP8_V2/GCC_RISCV/model:00000014 00000004 D __rt_dma_first_pending
/module/data/BUILD/GAP8_V2/GCC_RISCV/model:00000010 00000004 D __rt_dma_last_pending
/module/data/BUILD/GAP8_V2/GCC_RISCV/model:1c00f8dc 00000004 b __rt_fc_cluster_device	/gap_sdk/rtos/pulp/pulp-os/kernel/pulpos_emu.c:25
/module/data/BUILD/GAP8_V2/GCC_RISCV/model:1c00f560 00000004 V __rt_fc_stack_size	/gap_sdk/rtos/pulp/pulp-os/kernel/conf.c:36
/module/data/BUILD/GAP8_V2/GCC_RISCV/model:00000018 00000004 D __rt_first_free
/module/data/BUILD/GAP8_V2/GCC_RISCV/model:00000324 00000004 D __rt_hyper_current_task	/gap_sdk/rtos/pulp/pulp-os/drivers/hyper/hyperram-v1.c:27
/module/data/BUILD/GAP8_V2/GCC_RISCV/model:00000320 00000004 D __rt_hyper_end_task	/gap_sdk/rtos/pulp/pulp-os/drivers/hyper/hyperram-v1.c:25
/module/data/BUILD/GAP8_V2/GCC_RISCV/model:1c00f8e4 00000004 b __rt_hyper_open_count	/gap_sdk/rtos/pulp/pulp-os/drivers/hyper/hyperram-v1.c:65
/module/data/BUILD/GAP8_V2/GCC_RISCV/model:00000314 00000004 D __rt_hyper_pending_addr	/gap_sdk/rtos/pulp/pulp-os/drivers/hyper/hyperram-v1.c:33
/module/data/BUILD/GAP8_V2/GCC_RISCV/model:0000030c 00000004 D __rt_hyper_pending_base	/gap_sdk/rtos/pulp/pulp-os/drivers/hyper/hyperram-v1.c:31
/module/data/BUILD/GAP8_V2/GCC_RISCV/model:00000330 00000004 D __rt_hyper_pending_emu_addr	/gap_sdk/rtos/pulp/pulp-os/drivers/hyper/hyperram-v1.c:48
/module/data/BUILD/GAP8_V2/GCC_RISCV/model:00000328 00000004 D __rt_hyper_pending_emu_channel	/gap_sdk/rtos/pulp/pulp-os/drivers/hyper/hyperram-v1.c:46
/module/data/BUILD/GAP8_V2/GCC_RISCV/model:0000032c 00000004 D __rt_hyper_pending_emu_hyper_addr	/gap_sdk/rtos/pulp/pulp-os/drivers/hyper/hyperram-v1.c:47
/module/data/BUILD/GAP8_V2/GCC_RISCV/model:0000034c 00000004 D __rt_hyper_pending_emu_length	/gap_sdk/rtos/pulp/pulp-os/drivers/hyper/hyperram-v1.c:51
/module/data/BUILD/GAP8_V2/GCC_RISCV/model:00000334 00000004 D __rt_hyper_pending_emu_size	/gap_sdk/rtos/pulp/pulp-os/drivers/hyper/hyperram-v1.c:49
/module/data/BUILD/GAP8_V2/GCC_RISCV/model:00000348 00000004 D __rt_hyper_pending_emu_size_2d	/gap_sdk/rtos/pulp/pulp-os/drivers/hyper/hyperram-v1.c:50
/module/data/BUILD/GAP8_V2/GCC_RISCV/model:00000350 00000004 D __rt_hyper_pending_emu_stride	/gap_sdk/rtos/pulp/pulp-os/drivers/hyper/hyperram-v1.c:52
/module/data/BUILD/GAP8_V2/GCC_RISCV/model:0000033c 00000004 D __rt_hyper_pending_emu_task	/gap_sdk/rtos/pulp/pulp-os/drivers/hyper/hyperram-v1.c:54
/module/data/BUILD/GAP8_V2/GCC_RISCV/model:00000310 00000004 D __rt_hyper_pending_hyper_addr	/gap_sdk/rtos/pulp/pulp-os/drivers/hyper/hyperram-v1.c:32
/module/data/BUILD/GAP8_V2/GCC_RISCV/model:00000318 00000004 D __rt_hyper_pending_repeat	/gap_sdk/rtos/pulp/pulp-os/drivers/hyper/hyperram-v1.c:34
/module/data/BUILD/GAP8_V2/GCC_RISCV/model:0000031c 00000004 D __rt_hyper_pending_repeat_size	/gap_sdk/rtos/pulp/pulp-os/drivers/hyper/hyperram-v1.c:35
/module/data/BUILD/GAP8_V2/GCC_RISCV/model:00000340 00000004 D __rt_hyper_pending_tasks	/gap_sdk/rtos/pulp/pulp-os/drivers/hyper/hyperram-v1.c:39
/module/data/BUILD/GAP8_V2/GCC_RISCV/model:00000344 00000004 D __rt_hyper_pending_tasks_last	/gap_sdk/rtos/pulp/pulp-os/drivers/hyper/hyperram-v1.c:40
/module/data/BUILD/GAP8_V2/GCC_RISCV/model:1c00cfb4 00000004 T __rt_hyper_resume_copy	/gap_sdk/rtos/pulp/pulp-os/drivers/hyper/hyperram-v1.c:988
/module/data/BUILD/GAP8_V2/GCC_RISCV/model:00000308 00000004 D __rt_hyper_udma_handle
/module/data/BUILD/GAP8_V2/GCC_RISCV/model:1c00f8e8 00000004 b __rt_i2s_first	/gap_sdk/rtos/pulp/pulp-os/drivers_deprecated/i2s/i2s-v1.c:40
/module/data/BUILD/GAP8_V2/GCC_RISCV/model:1c00f8f4 00000004 b __rt_io_event_current	/gap_sdk/rtos/pulp/pulp-os/libs/io/io.c:40
/module/data/BUILD/GAP8_V2/GCC_RISCV/model:1c00f8f8 00000004 b __rt_io_pending_flush	/gap_sdk/rtos/pulp/pulp-os/libs/io/io.c:50
/module/data/BUILD/GAP8_V2/GCC_RISCV/model:1c00f564 00000004 V __rt_iodev
/module/data/BUILD/GAP8_V2/GCC_RISCV/model:1c00f568 00000004 V __rt_iodev_uart_baudrate
/module/data/BUILD/GAP8_V2/GCC_RISCV/model:1c00f8d0 00000004 V __rt_iodev_uart_channel
/module/data/BUILD/GAP8_V2/GCC_RISCV/model:1c00f56c 00000004 V __rt_platform
/module/data/BUILD/GAP8_V2/GCC_RISCV/model:1c00f8fc 00000004 b __rt_putc_host_buffer_index	/gap_sdk/rtos/pulp/pulp-os/libs/io/io.c:48
/module/data/BUILD/GAP8_V2/GCC_RISCV/model:0000038c 00000004 D __rt_rtc_init_done	/gap_sdk/rtos/pulp/pulp-os/drivers_deprecated/dolphin/rtc.c:26
/module/data/BUILD/GAP8_V2/GCC_RISCV/model:1c00f93c 00000004 B __rt_wakeup_use_fast	/gap_sdk/rtos/pulp/pulp-os/kernel/gap/pmu_driver.c:173
/module/data/BUILD/GAP8_V2/GCC_RISCV/model:00000390 00000004 D __rtc_handler	/gap_sdk/rtos/pulp/pulp-os/drivers_deprecated/dolphin/rtc.c:25
/module/data/BUILD/GAP8_V2/GCC_RISCV/model:1c00f900 00000004 b _rt_io_uart	/gap_sdk/rtos/pulp/pulp-os/libs/io/io.c:38
/module/data/BUILD/GAP8_V2/GCC_RISCV/model:1c00ea44 00000004 t ctor_list	/gap_sdk/rtos/pulp/pulp-os/kernel/init.c:29
/module/data/BUILD/GAP8_V2/GCC_RISCV/model:1c00ea84 00000004 t dtor_list	/gap_sdk/rtos/pulp/pulp-os/kernel/init.c:30
/module/data/BUILD/GAP8_V2/GCC_RISCV/model:1c00f930 00000004 B first_delayed
/module/data/BUILD/GAP8_V2/GCC_RISCV/model:1000001c 00000004 D model_L1_Memory
/module/data/BUILD/GAP8_V2/GCC_RISCV/model:1c00f578 00000004 D model_L2_Memory
/module/data/BUILD/GAP8_V2/GCC_RISCV/model:1c00f8cc 00000004 B model_L3_Flash
/module/data/BUILD/GAP8_V2/GCC_RISCV/model:1c00f920 00000004 B model_L3_Memory	/module/data/BUILD_MODEL_SQ8BIT/modelKernels.c:4
/module/data/BUILD/GAP8_V2/GCC_RISCV/model:1c00aefe 00000004 T pi_open_from_conf	/gap_sdk/rtos/pulp/pulp-os/kernel/init.c:325
/module/data/BUILD/GAP8_V2/GCC_RISCV/model:1c009ee0 00000004 T pi_partition_table_load	/gap_sdk/rtos/pmsis/pmsis_bsp/partition/partition.c:51
/module/data/BUILD/GAP8_V2/GCC_RISCV/model:00000354 00000004 D pwmEventsStatus	/gap_sdk/rtos/pulp/pulp-os/drivers/pwm/pwm.c:9
/module/data/BUILD/GAP8_V2/GCC_RISCV/model:1c00f8d8 00000004 b timer_count	/gap_sdk/rtos/pulp/pulp-os/kernel/time.c:23
/module/data/BUILD/GAP8_V2/GCC_RISCV/model:1c008fda 00000006 t __pi_host_fs_seek	/gap_sdk/rtos/pmsis/pmsis_bsp/fs/host_fs/host_fs.c:109
/module/data/BUILD/GAP8_V2/GCC_RISCV/model:1c00c14a 00000006 T __rt_fll_set_freq	/gap_sdk/rtos/pulp/pulp-os/kernel/gap/pmu_driver.c:884
/module/data/BUILD/GAP8_V2/GCC_RISCV/model:1c00b818 00000006 T pi_cl_l1_malloc	/gap_sdk/rtos/pulp/pulp-os/kernel/alloc.c:582
/module/data/BUILD/GAP8_V2/GCC_RISCV/model:1c00c340 00000006 T pi_cluster_conf_init	/gap_sdk/rtos/pulp/pulp-os/kernel/cluster.c:337
/module/data/BUILD/GAP8_V2/GCC_RISCV/model:1c00d848 00000006 T putchar	/gap_sdk/rtos/pulp/pulp-os/libs/io/io.c:621
/module/data/BUILD/GAP8_V2/GCC_RISCV/model:1c00f57c 00000007 d SystemStateToSCUFastSeq	/gap_sdk/rtos/pulp/pulp-os/kernel/gap/pmu_driver.c:176
/module/data/BUILD/GAP8_V2/GCC_RISCV/model:1c00f59c 00000008 D FllsFrequency
/module/data/BUILD/GAP8_V2/GCC_RISCV/model:1c00f934 00000008 B __rt_freq_domains
/module/data/BUILD/GAP8_V2/GCC_RISCV/model:1c00cfac 00000008 T __rt_hyper_resume_emu_task	/gap_sdk/rtos/pulp/pulp-os/drivers/hyper/hyperram-v1.c:980
/module/data/BUILD/GAP8_V2/GCC_RISCV/model:000002b0 00000008 D __rt_socevents_status
/module/data/BUILD/GAP8_V2/GCC_RISCV/model:1c00f8ec 00000008 b __rt_spim_open_count	/gap_sdk/rtos/pulp/pulp-os/drivers_deprecated/spim/spim-v2.c:26
/module/data/BUILD/GAP8_V2/GCC_RISCV/model:1c009de2 00000008 T extern_alloc_deinit	/gap_sdk/rtos/pmsis/pmsis_bsp/ram/alloc_extern.c:128
/module/data/BUILD/GAP8_V2/GCC_RISCV/model:1c00b63e 00000008 T pi_cl_send_task_to_fc	/gap_sdk/rtos/pulp/pulp-os/kernel/events.c:280
/module/data/BUILD/GAP8_V2/GCC_RISCV/model:1c00892a 00000008 t pi_flash_read_async	/gap_sdk/rtos/pmsis/pmsis_bsp/include/bsp/flash.h:422
/module/data/BUILD/GAP8_V2/GCC_RISCV/model:1c0088b4 00000008 T pi_fs_close	/gap_sdk/rtos/pmsis/pmsis_bsp/fs/fs.c:80
/module/data/BUILD/GAP8_V2/GCC_RISCV/model:1c0088ac 00000008 T pi_fs_open	/gap_sdk/rtos/pmsis/pmsis_bsp/fs/fs.c:74
/module/data/BUILD/GAP8_V2/GCC_RISCV/model:1c0088bc 00000008 T pi_fs_read_async	/gap_sdk/rtos/pmsis/pmsis_bsp/fs/fs.c:85
/module/data/BUILD/GAP8_V2/GCC_RISCV/model:1c008922 00000008 T pi_fs_seek	/gap_sdk/rtos/pmsis/pmsis_bsp/fs/fs.c:150
/module/data/BUILD/GAP8_V2/GCC_RISCV/model:1c0088a4 00000008 T pi_fs_unmount	/gap_sdk/rtos/pmsis/pmsis_bsp/fs/fs.c:68
/module/data/BUILD/GAP8_V2/GCC_RISCV/model:1c0088ea 00000008 T pi_fs_write_async	/gap_sdk/rtos/pmsis/pmsis_bsp/fs/fs.c:98
/module/data/BUILD/GAP8_V2/GCC_RISCV/model:1c00ac68 00000008 T semihost_close	/gap_sdk/rtos/pmsis/pmsis_bsp/fs/host_fs/semihost.c:18
/module/data/BUILD/GAP8_V2/GCC_RISCV/model:1c00acc2 00000008 T semihost_exit	/gap_sdk/rtos/pmsis/pmsis_bsp/fs/host_fs/semihost.c:47
/module/data/BUILD/GAP8_V2/GCC_RISCV/model:1c00ac34 00000008 T semihost_write0	/gap_sdk/rtos/pmsis/pmsis_bsp/fs/host_fs/semihost.c:6
/module/data/BUILD/GAP8_V2/GCC_RISCV/model:1c00d1e0 0000000a T __rt_himax_init	/gap_sdk/rtos/pulp/pulp-os/drivers_deprecated/camera/himax.c:400
/module/data/BUILD/GAP8_V2/GCC_RISCV/model:1c00d8ec 0000000a T abort	/gap_sdk/rtos/pulp/pulp-os/libs/io/io.c:739
/module/data/BUILD/GAP8_V2/GCC_RISCV/model:1c00ad2e 0000000a T bsp_hyperflash_conf_init	/gap_sdk/rtos/pmsis/pmsis_bsp/bsp/ai_deck.c:58
/module/data/BUILD/GAP8_V2/GCC_RISCV/model:1c008918 0000000a T pi_fs_copy_async	/gap_sdk/rtos/pmsis/pmsis_bsp/fs/fs.c:124
/module/data/BUILD/GAP8_V2/GCC_RISCV/model:1c009ed4 0000000a T pi_partition_get_flash_offset	/gap_sdk/rtos/pmsis/pmsis_bsp/partition/partition.c:38
/module/data/BUILD/GAP8_V2/GCC_RISCV/model:1c00d072 0000000a T rt_extern_alloc_deinit	/gap_sdk/rtos/pulp/pulp-os/kernel/alloc_extern.c:129
/module/data/BUILD/GAP8_V2/GCC_RISCV/model:1c00f664 0000000c b HyperRam	/module/data/BUILD_MODEL_SQ8BIT/modelKernels.c:5
/module/data/BUILD/GAP8_V2/GCC_RISCV/model:1c008fa8 0000000c t __pi_host_fs_mount	/gap_sdk/rtos/pmsis/pmsis_bsp/fs/host_fs/host_fs.c:34
/module/data/BUILD/GAP8_V2/GCC_RISCV/model:00000004 0000000c D __rt_cluster_pool
/module/data/BUILD/GAP8_V2/GCC_RISCV/model:1c00d00e 0000000c T __rt_padframe_init	/gap_sdk/rtos/pulp/pulp-os/drivers_deprecated/pads/pads-v1.c:58
/module/data/BUILD/GAP8_V2/GCC_RISCV/model:1c009b56 0000000c T hyperram_free	/gap_sdk/rtos/pmsis/pmsis_bsp/ram/hyperram/hyperram.c:163
/module/data/BUILD/GAP8_V2/GCC_RISCV/model:1c00b81e 0000000c T pi_cl_l1_free	/gap_sdk/rtos/pulp/pulp-os/kernel/alloc.c:587
/module/data/BUILD/GAP8_V2/GCC_RISCV/model:1c008826 0000000c T pi_flash_open	/gap_sdk/rtos/pmsis/pmsis_bsp/flash/flash.c:24
/module/data/BUILD/GAP8_V2/GCC_RISCV/model:1c009ce8 0000000c T pi_ram_open	/gap_sdk/rtos/pmsis/pmsis_bsp/ram/ram.c:23
/module/data/BUILD/GAP8_V2/GCC_RISCV/model:1c00ac26 0000000e t __internal_semihost	/gap_sdk/rtos/pmsis/pmsis_bsp/fs/host_fs/semihost.h:75
/module/data/BUILD/GAP8_V2/GCC_RISCV/model:1c00d220 0000000e t __rt_io_end_of_flush	/gap_sdk/rtos/pulp/pulp-os/libs/io/io.c:366
/module/data/BUILD/GAP8_V2/GCC_RISCV/model:1c009182 0000000e t hyperflash_ioctl	/gap_sdk/rtos/pmsis/pmsis_bsp/flash/hyperflash/hyperflash.c:209
/module/data/BUILD/GAP8_V2/GCC_RISCV/model:1c009270 0000000e t hyperflash_set_reg_exec	/gap_sdk/rtos/pmsis/pmsis_bsp/flash/hyperflash/hyperflash.c:94
/module/data/BUILD/GAP8_V2/GCC_RISCV/model:1c00b82a 0000000e T pi_l2_malloc	/gap_sdk/rtos/pulp/pulp-os/kernel/alloc.c:595
/module/data/BUILD/GAP8_V2/GCC_RISCV/model:1c00f584 00000010 D PMUState
/module/data/BUILD/GAP8_V2/GCC_RISCV/model:1c008970 00000010 t __pi_read_fs_seek	/gap_sdk/rtos/pmsis/pmsis_bsp/fs/read_fs/read_fs.c:517
/module/data/BUILD/GAP8_V2/GCC_RISCV/model:1b000bbc 00000010 d __rt_io_fc_lock	/gap_sdk/rtos/pulp/pulp-os/libs/io/io.c:35
/module/data/BUILD/GAP8_V2/GCC_RISCV/model:1c00f458 00000010 V __rt_padframe_default	/gap_sdk/rtos/pulp/pulp-os/drivers_deprecated/pads/pads-v1.c:28
/module/data/BUILD/GAP8_V2/GCC_RISCV/model:1c00f468 00000010 V __rt_padframe_hyper	/gap_sdk/rtos/pulp/pulp-os/drivers_deprecated/pads/pads-v1.c:30
/module/data/BUILD/GAP8_V2/GCC_RISCV/model:1c00f478 00000010 V __rt_padframe_hyper_gpio	/gap_sdk/rtos/pulp/pulp-os/drivers_deprecated/pads/pads-v1.c:32
/module/data/BUILD/GAP8_V2/GCC_RISCV/model:1c00f8bc 00000010 b __rt_uart	/gap_sdk/rtos/pulp/pulp-os/drivers_deprecated/uart/uart.c:43
/module/data/BUILD/GAP8_V2/GCC_RISCV/model:1c00ad38 00000010 T bsp_hyperflash_open
/module/data/BUILD/GAP8_V2/GCC_RISCV/model:1c00ad1e 00000010 T bsp_hyperram_open
/module/data/BUILD/GAP8_V2/GCC_RISCV/model:1c009b74 00000010 t hyperram_copy_async	/gap_sdk/rtos/pmsis/pmsis_bsp/ram/hyperram/hyperram.c:127
/module/data/BUILD/GAP8_V2/GCC_RISCV/model:1c00d62c 00000010 T memset	/gap_sdk/rtos/pulp/pulp-os/libs/io/io.c:150
/module/data/BUILD/GAP8_V2/GCC_RISCV/model:1c00c87c 00000010 T pi_hyper_conf_init	/gap_sdk/rtos/pulp/pulp-os/drivers/hyper/hyperram-v1.c:200
/module/data/BUILD/GAP8_V2/GCC_RISCV/model:1c00b838 00000010 T pi_l2_free	/gap_sdk/rtos/pulp/pulp-os/kernel/alloc.c:600
/module/data/BUILD/GAP8_V2/GCC_RISCV/model:1c00e6b6 00000010 T rt_uart_conf_init
/module/data/BUILD/GAP8_V2/GCC_RISCV/model:1c00f094 00000012 r ExpCoeffLUT	/gap_sdk/tools/autotiler_v3/CNN_Libraries_SQ8/CNN_SoftMax_SQ8.c:38
/module/data/BUILD/GAP8_V2/GCC_RISCV/model:1c00c134 00000012 T __rt_fll_init	/gap_sdk/rtos/pulp/pulp-os/kernel/gap/pmu_driver.c:871
/module/data/BUILD/GAP8_V2/GCC_RISCV/model:1c00d1ea 00000012 T __rt_i2c_init	/gap_sdk/rtos/pulp/pulp-os/drivers_deprecated/i2c/i2c-v2.c:236
/module/data/BUILD/GAP8_V2/GCC_RISCV/model:1c00d1fc 00000012 T __rt_rtc_init	/gap_sdk/rtos/pulp/pulp-os/drivers_deprecated/dolphin/rtc.c:414
/module/data/BUILD/GAP8_V2/GCC_RISCV/model:1c00d20e 00000012 T __rt_spim_init	/gap_sdk/rtos/pulp/pulp-os/drivers_deprecated/spim/spim-v2.c:446
/module/data/BUILD/GAP8_V2/GCC_RISCV/model:1c009b62 00000012 t hyperram_copy_2d_async	/gap_sdk/rtos/pmsis/pmsis_bsp/ram/hyperram/hyperram.c:139
/module/data/BUILD/GAP8_V2/GCC_RISCV/model:1c001256 00000012 T main	/module/data/model.c:173
/module/data/BUILD/GAP8_V2/GCC_RISCV/model:1c008866 00000012 T pi_fs_conf_init	/gap_sdk/rtos/pmsis/pmsis_bsp/fs/fs.c:26
/module/data/BUILD/GAP8_V2/GCC_RISCV/model:1c00b628 00000014 T __rt_event_sched_init	/gap_sdk/rtos/pulp/pulp-os/kernel/events.c:264
/module/data/BUILD/GAP8_V2/GCC_RISCV/model:0000001c 00000014 D __rt_sched
/module/data/BUILD/GAP8_V2/GCC_RISCV/model:1c00c7ba 00000014 t l2_memcpy	/gap_sdk/rtos/pulp/pulp-os/drivers/hyper/hyperram-v1.c:897
/module/data/BUILD/GAP8_V2/GCC_RISCV/model:1c00d5e2 00000014 T strcmp	/gap_sdk/rtos/pulp/pulp-os/libs/io/io.c:97
/module/data/BUILD/GAP8_V2/GCC_RISCV/model:1c00cb82 00000016 T pi_hyper_read_async	/gap_sdk/rtos/pulp/pulp-os/drivers/hyper/hyperram-v1.c:380
/module/data/BUILD/GAP8_V2/GCC_RISCV/model:1c00acac 00000016 T semihost_seek	/gap_sdk/rtos/pmsis/pmsis_bsp/fs/host_fs/semihost.c:36
/module/data/BUILD/GAP8_V2/GCC_RISCV/model:1c00d616 00000016 T strlen	/gap_sdk/rtos/pulp/pulp-os/libs/io/io.c:124
/module/data/BUILD/GAP8_V2/GCC_RISCV/model:1c00f0a8 00000018 r FractionExpLUT	/gap_sdk/tools/autotiler_v3/CNN_Libraries_SQ8/CNN_SoftMax_SQ8.c:32
/module/data/BUILD/GAP8_V2/GCC_RISCV/model:1c00f0c0 00000018 r IntegerExpLUT	/gap_sdk/tools/autotiler_v3/CNN_Libraries_SQ8/CNN_SoftMax_SQ8.c:27
/module/data/BUILD/GAP8_V2/GCC_RISCV/model:1c0089d8 00000018 t __pi_read_fs_copy_2d_async	/gap_sdk/rtos/pmsis/pmsis_bsp/fs/read_fs/read_fs.c:657
/module/data/BUILD/GAP8_V2/GCC_RISCV/model:1c0089c0 00000018 t __pi_read_fs_copy_async	/gap_sdk/rtos/pmsis/pmsis_bsp/fs/read_fs/read_fs.c:648
/module/data/BUILD/GAP8_V2/GCC_RISCV/model:1c00f488 00000018 V __rt_padframe_profiles
/module/data/BUILD/GAP8_V2/GCC_RISCV/model:1c00b848 00000018 t __rt_time_poweroff	/gap_sdk/rtos/pulp/pulp-os/kernel/time.c:28
/module/data/BUILD/GAP8_V2/GCC_RISCV/model:1c00b860 00000018 t __rt_time_poweron	/gap_sdk/rtos/pulp/pulp-os/kernel/time.c:37
/module/data/BUILD/GAP8_V2/GCC_RISCV/model:1c00b490 00000018 T __rt_wait_event_prepare_blocking	/gap_sdk/rtos/pulp/pulp-os/kernel/events.c:42
/module/data/BUILD/GAP8_V2/GCC_RISCV/model:1c00ad06 00000018 T bsp_hyperram_conf_init	/gap_sdk/rtos/pmsis/pmsis_bsp/bsp/ai_deck.c:40
/module/data/BUILD/GAP8_V2/GCC_RISCV/model:1b000ba0 00000018 d cbsys_first	/gap_sdk/rtos/pulp/pulp-os/kernel/utils.c:30
/module/data/BUILD/GAP8_V2/GCC_RISCV/model:1c009258 00000018 t hyperflash_copy_2d_async
/module/data/BUILD/GAP8_V2/GCC_RISCV/model:1c00f440 00000018 d hyperram_api	/gap_sdk/rtos/pmsis/pmsis_bsp/ram/hyperram/hyperram.c:219
/module/data/BUILD/GAP8_V2/GCC_RISCV/model:1c00cf7a 00000018 T pi_hyper_read_2d_async	/gap_sdk/rtos/pulp/pulp-os/drivers/hyper/hyperram-v1.c:420
/module/data/BUILD/GAP8_V2/GCC_RISCV/model:1c00cbba 00000018 T pi_hyper_write_async	/gap_sdk/rtos/pulp/pulp-os/drivers/hyper/hyperram-v1.c:400
/module/data/BUILD/GAP8_V2/GCC_RISCV/model:1c006bc0 0000001a t LastDefinedOutput	/gap_sdk/tools/autotiler_v3/CNN_Libraries_SQ8/CNN_Conv_SQ8.c:32
/module/data/BUILD/GAP8_V2/GCC_RISCV/model:1c007980 0000001a t LastDefinedOutput	/gap_sdk/tools/autotiler_v3/CNN_Libraries_SQ8/CNN_Pooling_SQ8.c:33
/module/data/BUILD/GAP8_V2/GCC_RISCV/model:1c00d7fe 0000001a T fputc_locked
/module/data/BUILD/GAP8_V2/GCC_RISCV/model:1c00970e 0000001a t hyperflash_copy_async	/gap_sdk/rtos/pmsis/pmsis_bsp/flash/hyperflash/hyperflash.c:722
/module/data/BUILD/GAP8_V2/GCC_RISCV/model:1c00cf92 0000001a T pi_hyper_write_2d_async	/gap_sdk/rtos/pulp/pulp-os/drivers/hyper/hyperram-v1.c:440
/module/data/BUILD/GAP8_V2/GCC_RISCV/model:1c009c40 0000001a T pi_hyperram_conf_init	/gap_sdk/rtos/pmsis/pmsis_bsp/ram/hyperram/hyperram.c:229
/module/data/BUILD/GAP8_V2/GCC_RISCV/model:1c00b51e 0000001a T rt_event_get	/gap_sdk/rtos/pulp/pulp-os/kernel/events.c:105
/module/data/BUILD/GAP8_V2/GCC_RISCV/model:1c00b60e 0000001a T rt_event_wait	/gap_sdk/rtos/pulp/pulp-os/kernel/events.c:257
/module/data/BUILD/GAP8_V2/GCC_RISCV/model:1c00d672 0000001a T strchr	/gap_sdk/rtos/pulp/pulp-os/libs/io/io.c:278
/module/data/BUILD/GAP8_V2/GCC_RISCV/model:1c00f364 0000001c D AT_GraphNodeNames
/module/data/BUILD/GAP8_V2/GCC_RISCV/model:1c00f380 0000001c D AT_GraphOperInfosNames
/module/data/BUILD/GAP8_V2/GCC_RISCV/model:1c00f904 0000001c B AT_GraphPerf
/module/data/BUILD/GAP8_V2/GCC_RISCV/model:1c00f648 0000001c b HyperFlash	/module/data/BUILD_MODEL_SQ8BIT/modelKernels.c:6
/module/data/BUILD/GAP8_V2/GCC_RISCV/model:1c0090ee 0000001c t __pi_host_fs_close	/gap_sdk/rtos/pmsis/pmsis_bsp/fs/host_fs/host_fs.c:67
/module/data/BUILD/GAP8_V2/GCC_RISCV/model:1c009166 0000001c t __rt_event_enqueue	/gap_sdk/install/GAP8_V2/include/rt/rt_event.h:397
/module/data/BUILD/GAP8_V2/GCC_RISCV/model:1c00b1d2 0000001c t __rt_event_enqueue	/gap_sdk/install/GAP8_V2/include/rt/rt_event.h:397
/module/data/BUILD/GAP8_V2/GCC_RISCV/model:1c009cca 0000001e t __pi_ram_cluster_req_done	/gap_sdk/rtos/pmsis/pmsis_bsp/ram/ram.c:37
/module/data/BUILD/GAP8_V2/GCC_RISCV/model:1c00b318 0000001e T __rt_bridge_set_available	/gap_sdk/rtos/pulp/pulp-os/kernel/bridge.c:725
/module/data/BUILD/GAP8_V2/GCC_RISCV/model:1c009728 0000001e t hyperflash_close	/gap_sdk/rtos/pmsis/pmsis_bsp/flash/hyperflash/hyperflash.c:200
/module/data/BUILD/GAP8_V2/GCC_RISCV/model:1c009b38 0000001e T hyperram_alloc	/gap_sdk/rtos/pmsis/pmsis_bsp/ram/hyperram/hyperram.c:152
/module/data/BUILD/GAP8_V2/GCC_RISCV/model:1c00c79c 0000001e T pi_pad_init	/gap_sdk/rtos/pulp/pulp-os/drivers/pads/pads-v1.c:31
/module/data/BUILD/GAP8_V2/GCC_RISCV/model:1c00ac70 0000001e T semihost_read	/gap_sdk/rtos/pmsis/pmsis_bsp/fs/host_fs/semihost.c:24
/module/data/BUILD/GAP8_V2/GCC_RISCV/model:1c00ac8e 0000001e T semihost_write	/gap_sdk/rtos/pmsis/pmsis_bsp/fs/host_fs/semihost.c:30
/module/data/BUILD/GAP8_V2/GCC_RISCV/model:10000020 00000020 d Reduct.15734
/module/data/BUILD/GAP8_V2/GCC_RISCV/model:1c00b1ee 00000020 t __rt_bridge_check_bridge_req.part.5	/gap_sdk/rtos/pulp/pulp-os/kernel/bridge.c:638
/module/data/BUILD/GAP8_V2/GCC_RISCV/model:1c00f5a8 00000020 d __rt_i2c	/gap_sdk/rtos/pulp/pulp-os/drivers_deprecated/i2c/i2c-v2.c:28
/module/data/BUILD/GAP8_V2/GCC_RISCV/model:1c00da26 00000020 t _rlrshift	/gap_sdk/rtos/pulp/pulp-os/libs/io/prf.c:122
/module/data/BUILD/GAP8_V2/GCC_RISCV/model:1c00d31a 00000020 t rt_event_execute.isra.4.constprop.12	/gap_sdk/rtos/pulp/pulp-os/libs/io/io.c:795
/module/data/BUILD/GAP8_V2/GCC_RISCV/model:1c00b646 00000020 T rt_user_alloc_init	/gap_sdk/rtos/pulp/pulp-os/kernel/alloc.c:193
/module/data/BUILD/GAP8_V2/GCC_RISCV/model:1c00d5f6 00000020 T strncmp	/gap_sdk/rtos/pulp/pulp-os/libs/io/io.c:108
/module/data/BUILD/GAP8_V2/GCC_RISCV/model:1c00b358 00000022 T __rt_bridge_clear_notif	/gap_sdk/rtos/pulp/pulp-os/kernel/bridge.c:838
/module/data/BUILD/GAP8_V2/GCC_RISCV/model:1c00b336 00000022 T __rt_bridge_send_notif	/gap_sdk/rtos/pulp/pulp-os/kernel/bridge.c:821
/module/data/BUILD/GAP8_V2/GCC_RISCV/model:1c00e5be 00000022 t __rt_uart_setfreq_after	/gap_sdk/rtos/pulp/pulp-os/drivers_deprecated/uart/uart.c:135
/module/data/BUILD/GAP8_V2/GCC_RISCV/model:1c00b0dc 00000022 T __rt_utils_init	/gap_sdk/rtos/pulp/pulp-os/kernel/utils.c:84
/module/data/BUILD/GAP8_V2/GCC_RISCV/model:1c009a1c 00000022 t hyperflash_erase	/gap_sdk/rtos/pmsis/pmsis_bsp/flash/hyperflash/hyperflash.c:777
/module/data/BUILD/GAP8_V2/GCC_RISCV/model:1c009854 00000022 t hyperflash_erase_chip	/gap_sdk/rtos/pmsis/pmsis_bsp/flash/hyperflash/hyperflash.c:761
/module/data/BUILD/GAP8_V2/GCC_RISCV/model:1c009832 00000022 t hyperflash_erase_sector	/gap_sdk/rtos/pmsis/pmsis_bsp/flash/hyperflash/hyperflash.c:769
/module/data/BUILD/GAP8_V2/GCC_RISCV/model:1c009876 00000022 t hyperflash_read	/gap_sdk/rtos/pmsis/pmsis_bsp/flash/hyperflash/hyperflash.c:744
/module/data/BUILD/GAP8_V2/GCC_RISCV/model:1c009898 00000022 t hyperflash_reg_get	/gap_sdk/rtos/pmsis/pmsis_bsp/flash/hyperflash/hyperflash.c:794
/module/data/BUILD/GAP8_V2/GCC_RISCV/model:1c0098ba 00000022 t hyperflash_reg_set	/gap_sdk/rtos/pmsis/pmsis_bsp/flash/hyperflash/hyperflash.c:786
/module/data/BUILD/GAP8_V2/GCC_RISCV/model:1c009b84 00000022 t hyperram_close	/gap_sdk/rtos/pmsis/pmsis_bsp/ram/hyperram/hyperram.c:117
/module/data/BUILD/GAP8_V2/GCC_RISCV/model:1c00cb98 00000022 T pi_hyper_read	/gap_sdk/rtos/pulp/pulp-os/drivers/hyper/hyperram-v1.c:390
/module/data/BUILD/GAP8_V2/GCC_RISCV/model:1c00cbd2 00000022 T pi_hyper_write	/gap_sdk/rtos/pulp/pulp-os/drivers/hyper/hyperram-v1.c:411
/module/data/BUILD/GAP8_V2/GCC_RISCV/model:1c00b538 00000022 T rt_event_get_blocking	/gap_sdk/rtos/pulp/pulp-os/kernel/events.c:127
/module/data/BUILD/GAP8_V2/GCC_RISCV/model:1c009086 00000024 t __pi_host_fs_read_async	/gap_sdk/rtos/pmsis/pmsis_bsp/fs/host_fs/host_fs.c:74
/module/data/BUILD/GAP8_V2/GCC_RISCV/model:1c00b758 00000024 T __rt_alloc_init_l1	/gap_sdk/rtos/pulp/pulp-os/kernel/alloc.c:445
/module/data/BUILD/GAP8_V2/GCC_RISCV/model:1c00e59a 00000024 t __rt_uart_setup.isra.5	/gap_sdk/rtos/pulp/pulp-os/drivers_deprecated/uart/uart.c:222
/module/data/BUILD/GAP8_V2/GCC_RISCV/model:1c00a0ba 00000024 T flash_partition_table_free	/gap_sdk/rtos/pmsis/pmsis_bsp/partition/flash_partition.c:221
/module/data/BUILD/GAP8_V2/GCC_RISCV/model:1c0098dc 00000024 t hyperflash_program	/gap_sdk/rtos/pmsis/pmsis_bsp/flash/hyperflash/hyperflash.c:753
/module/data/BUILD/GAP8_V2/GCC_RISCV/model:1c0089f0 00000024 t rt_event_enqueue	/gap_sdk/install/GAP8_V2/include/rt/rt_event.h:411
/module/data/BUILD/GAP8_V2/GCC_RISCV/model:1c008fb6 00000024 t rt_event_enqueue	/gap_sdk/install/GAP8_V2/include/rt/rt_event.h:411
/module/data/BUILD/GAP8_V2/GCC_RISCV/model:1c00c7ce 00000024 t rt_event_enqueue	/gap_sdk/install/GAP8_V2/include/rt/rt_event.h:411
/module/data/BUILD/GAP8_V2/GCC_RISCV/model:1c00b55a 00000024 T rt_event_push	/gap_sdk/rtos/pulp/pulp-os/kernel/events.c:139
/module/data/BUILD/GAP8_V2/GCC_RISCV/model:1c00b8f2 00000024 T rt_time_wait_us	/gap_sdk/rtos/pulp/pulp-os/kernel/time.c:124
/module/data/BUILD/GAP8_V2/GCC_RISCV/model:1c00e574 00000026 T __rt_uart_cluster_req_done	/gap_sdk/rtos/pulp/pulp-os/drivers_deprecated/uart/uart.c:253
/module/data/BUILD/GAP8_V2/GCC_RISCV/model:1c00ad48 00000026 t cluster_start	/gap_sdk/rtos/pulp/pulp-os/kernel/init.c:198
/module/data/BUILD/GAP8_V2/GCC_RISCV/model:1c0088c4 00000026 T pi_fs_read	/gap_sdk/rtos/pmsis/pmsis_bsp/fs/fs.c:90
/module/data/BUILD/GAP8_V2/GCC_RISCV/model:1c0088f2 00000026 T pi_fs_write	/gap_sdk/rtos/pmsis/pmsis_bsp/fs/fs.c:103
/module/data/BUILD/GAP8_V2/GCC_RISCV/model:1c00bd30 00000026 t soc_eu_fcEventMask_setEvent	/gap_sdk/install/GAP8_V2/include/hal/soc_eu/soc_eu_v1.h:60
/module/data/BUILD/GAP8_V2/GCC_RISCV/model:1c00e690 00000026 t soc_eu_fcEventMask_setEvent	/gap_sdk/install/GAP8_V2/include/hal/soc_eu/soc_eu_v1.h:60
/module/data/BUILD/GAP8_V2/GCC_RISCV/model:1c00f3c4 00000028 D __pi_host_fs_api
/module/data/BUILD/GAP8_V2/GCC_RISCV/model:1c00905e 00000028 t __pi_host_fs_write_async	/gap_sdk/rtos/pmsis/pmsis_bsp/fs/host_fs/host_fs.c:100
/module/data/BUILD/GAP8_V2/GCC_RISCV/model:1c00f39c 00000028 D __pi_read_fs_api
/module/data/BUILD/GAP8_V2/GCC_RISCV/model:1c00aed6 00000028 T __rt_deinit	/gap_sdk/rtos/pulp/pulp-os/kernel/init.c:163
/module/data/BUILD/GAP8_V2/GCC_RISCV/model:1c00b468 00000028 T __rt_event_init	/gap_sdk/rtos/pulp/pulp-os/kernel/events.c:32
/module/data/BUILD/GAP8_V2/GCC_RISCV/model:1c00f944 00000028 B __rt_fc_cluster_data
/module/data/BUILD/GAP8_V2/GCC_RISCV/model:1c00d5ba 00000028 t __rt_io_stop	/gap_sdk/rtos/pulp/pulp-os/libs/io/io.c:769
/module/data/BUILD/GAP8_V2/GCC_RISCV/model:000002b8 00000028 D __rt_udma_extra_callback
/module/data/BUILD/GAP8_V2/GCC_RISCV/model:000002e0 00000028 D __rt_udma_extra_callback_arg
/module/data/BUILD/GAP8_V2/GCC_RISCV/model:1c00d84e 00000028 T _prf_locked	/gap_sdk/rtos/pulp/pulp-os/libs/io/io.c:626
/module/data/BUILD/GAP8_V2/GCC_RISCV/model:1c009b10 00000028 T pi_hyperflash_conf_init	/gap_sdk/rtos/pmsis/pmsis_bsp/flash/hyperflash/hyperflash.c:848
/module/data/BUILD/GAP8_V2/GCC_RISCV/model:1c00cfe6 00000028 T rt_padframe_set	/gap_sdk/rtos/pulp/pulp-os/drivers_deprecated/pads/pads-v1.c:77
/module/data/BUILD/GAP8_V2/GCC_RISCV/model:1c00b77c 0000002a T __rt_alloc_init_l1_for_fc	/gap_sdk/rtos/pulp/pulp-os/kernel/alloc.c:452
/module/data/BUILD/GAP8_V2/GCC_RISCV/model:1c00d136 0000002a t __rt_i2s_setfreq_after	/gap_sdk/rtos/pulp/pulp-os/drivers_deprecated/i2s/i2s-v1.c:235
/module/data/BUILD/GAP8_V2/GCC_RISCV/model:1c009808 0000002a t hyperflash_copy_2d	/gap_sdk/rtos/pmsis/pmsis_bsp/flash/hyperflash/hyperflash.c:812
/module/data/BUILD/GAP8_V2/GCC_RISCV/model:1c00bd04 0000002c t SetFllMultDivFactors
/module/data/BUILD/GAP8_V2/GCC_RISCV/model:1c00c850 0000002c T __pi_hyper_pin_reset_settings	/gap_sdk/rtos/pulp/pulp-os/drivers/hyper/hyperram-v1.c:189
/module/data/BUILD/GAP8_V2/GCC_RISCV/model:1c00c824 0000002c T __pi_hyper_pin_settings	/gap_sdk/rtos/pulp/pulp-os/drivers/hyper/hyperram-v1.c:181
/module/data/BUILD/GAP8_V2/GCC_RISCV/model:1c00d160 0000002c t __rt_i2s_setfreq_before	/gap_sdk/rtos/pulp/pulp-os/drivers_deprecated/i2s/i2s-v1.c:219
/module/data/BUILD/GAP8_V2/GCC_RISCV/model:1c00f6f8 0000002c b __rt_pulpos_emu_global_cluster_task	/gap_sdk/rtos/pulp/pulp-os/kernel/pulpos_emu.c:26
/module/data/BUILD/GAP8_V2/GCC_RISCV/model:1c00e622 0000002c t __rt_uart_setfreq_before	/gap_sdk/rtos/pulp/pulp-os/drivers_deprecated/uart/uart.c:102
/module/data/BUILD/GAP8_V2/GCC_RISCV/model:1c00b5e2 0000002c T __rt_wait_event	/gap_sdk/rtos/pulp/pulp-os/kernel/events.c:247
/module/data/BUILD/GAP8_V2/GCC_RISCV/model:1c008878 0000002c T pi_fs_mount	/gap_sdk/rtos/pmsis/pmsis_bsp/fs/fs.c:40
/module/data/BUILD/GAP8_V2/GCC_RISCV/model:1c00d968 0000002c T printf	/gap_sdk/rtos/pulp/pulp-os/libs/io/fprintf.c:41
/module/data/BUILD/GAP8_V2/GCC_RISCV/model:1c00d7d2 0000002c T puts	/gap_sdk/rtos/pulp/pulp-os/libs/io/io.c:576
/module/data/BUILD/GAP8_V2/GCC_RISCV/model:1c00ac3c 0000002c T semihost_open	/gap_sdk/rtos/pmsis/pmsis_bsp/fs/host_fs/semihost.c:11
/module/data/BUILD/GAP8_V2/GCC_RISCV/model:1c00cfb8 0000002e t __rt_hyper_init	/gap_sdk/rtos/pulp/pulp-os/drivers/hyper/hyperram-v1.c:995
/module/data/BUILD/GAP8_V2/GCC_RISCV/model:1c009900 0000002e t hyperflash_copy	/gap_sdk/rtos/pmsis/pmsis_bsp/flash/hyperflash/hyperflash.c:802
/module/data/BUILD/GAP8_V2/GCC_RISCV/model:1c00b72a 0000002e T rt_free
/module/data/BUILD/GAP8_V2/GCC_RISCV/model:1c00b0ac 00000030 T __rt_cbsys_exec	/gap_sdk/rtos/pulp/pulp-os/kernel/utils.c:71
/module/data/BUILD/GAP8_V2/GCC_RISCV/model:1c00d818 00000030 T fputc	/gap_sdk/rtos/pulp/pulp-os/libs/io/io.c:603
/module/data/BUILD/GAP8_V2/GCC_RISCV/model:1c009a3e 00000030 t hyperflash_get_status_reg	/gap_sdk/rtos/pmsis/pmsis_bsp/flash/hyperflash/hyperflash.c:144
/module/data/BUILD/GAP8_V2/GCC_RISCV/model:1c00b6fa 00000030 T rt_alloc
/module/data/BUILD/GAP8_V2/GCC_RISCV/model:1c00aa20 00000032 T MD5_Init	/gap_sdk/rtos/pmsis/pmsis_bsp/crc/md5.c:207
/module/data/BUILD/GAP8_V2/GCC_RISCV/model:1c00b0fe 00000032 T __rt_fc_lock	/gap_sdk/rtos/pulp/pulp-os/kernel/utils.c:92
/module/data/BUILD/GAP8_V2/GCC_RISCV/model:1c00c41e 00000032 T pi_cluster_close	/gap_sdk/rtos/pulp/pulp-os/kernel/cluster.c:370
/module/data/BUILD/GAP8_V2/GCC_RISCV/model:1c008834 00000032 t pi_task_wait_on.isra.3	/gap_sdk/rtos/pmsis/pmsis_bsp/fs/fs.c:148
/module/data/BUILD/GAP8_V2/GCC_RISCV/model:1c0097d6 00000032 t pi_task_wait_on.isra.3	/gap_sdk/install/GAP8_V2/include/pmsis/implem/implem.h:70
/module/data/BUILD/GAP8_V2/GCC_RISCV/model:1c00c7f2 00000032 t pi_task_wait_on.isra.4	/gap_sdk/rtos/pulp/pulp-os/drivers/hyper/hyperram-v1.c:1039
/module/data/BUILD/GAP8_V2/GCC_RISCV/model:1c00f228 00000034 r __hyper_pad	/gap_sdk/rtos/pulp/pulp-os/drivers/hyper/hyperram-v1.c:164
/module/data/BUILD/GAP8_V2/GCC_RISCV/model:1c00b434 00000034 T __rt_bridge_init	/gap_sdk/rtos/pulp/pulp-os/kernel/bridge.c:851
/module/data/BUILD/GAP8_V2/GCC_RISCV/model:1c00b130 00000034 T __rt_fc_unlock	/gap_sdk/rtos/pulp/pulp-os/kernel/utils.c:127
/module/data/BUILD/GAP8_V2/GCC_RISCV/model:1c00d102 00000034 t __rt_i2s_resume	/gap_sdk/rtos/pulp/pulp-os/drivers_deprecated/i2s/i2s-v1.c:186
/module/data/BUILD/GAP8_V2/GCC_RISCV/model:1c00d3aa 00000034 t __rt_putc_host_cluster_req	/gap_sdk/rtos/pulp/pulp-os/libs/io/io.c:451
/module/data/BUILD/GAP8_V2/GCC_RISCV/model:1c00da8a 00000034 t _get_digit	/gap_sdk/rtos/pulp/pulp-os/libs/io/prf.c:167
/module/data/BUILD/GAP8_V2/GCC_RISCV/model:00000358 00000034 D dev_rtc	/gap_sdk/rtos/pulp/pulp-os/drivers_deprecated/dolphin/rtc.c:24
/module/data/BUILD/GAP8_V2/GCC_RISCV/model:1c00c768 00000034 T pi_pad_set_function	/gap_sdk/rtos/pulp/pulp-os/drivers/pads/pads-v1.c:24
/module/data/BUILD/GAP8_V2/GCC_RISCV/model:1c00e7a2 00000034 T rt_uart_cluster_write	/gap_sdk/rtos/pulp/pulp-os/drivers_deprecated/uart/uart.c:277
/module/data/BUILD/GAP8_V2/GCC_RISCV/model:1c00b19c 00000036 T __rt_fc_cluster_unlock	/gap_sdk/rtos/pulp/pulp-os/kernel/utils.c:199
/module/data/BUILD/GAP8_V2/GCC_RISCV/model:1c00d63c 00000036 T memcpy	/gap_sdk/rtos/pulp/pulp-os/libs/io/io.c:159
/module/data/BUILD/GAP8_V2/GCC_RISCV/model:1c008a14 00000038 t __pi_fs_free	/gap_sdk/rtos/pmsis/pmsis_bsp/fs/read_fs/read_fs.c:122
/module/data/BUILD/GAP8_V2/GCC_RISCV/model:1c00b164 00000038 T __rt_fc_cluster_lock	/gap_sdk/rtos/pulp/pulp-os/kernel/utils.c:189
/module/data/BUILD/GAP8_V2/GCC_RISCV/model:1c00acca 0000003c t __bsp_init_pads
/module/data/BUILD/GAP8_V2/GCC_RISCV/model:1c00c4c0 0000003c T __rt_cluster_new	/gap_sdk/rtos/pulp/pulp-os/kernel/cluster.c:445
/module/data/BUILD/GAP8_V2/GCC_RISCV/model:1c00c4fc 0000003c t __rt_cluster_pulpos_emu_init	/gap_sdk/rtos/pulp/pulp-os/kernel/pulpos_emu.c:29
/module/data/BUILD/GAP8_V2/GCC_RISCV/model:1c00d6ea 0000003c T __rt_putc_uart	/gap_sdk/rtos/pulp/pulp-os/libs/io/io.c:412
/module/data/BUILD/GAP8_V2/GCC_RISCV/model:1c008932 0000003e t __pi_read_fs_write	/gap_sdk/rtos/pmsis/pmsis_bsp/fs/read_fs/read_fs.c:499
/module/data/BUILD/GAP8_V2/GCC_RISCV/model:1c00b06e 0000003e T __rt_cbsys_add	/gap_sdk/rtos/pulp/pulp-os/kernel/utils.c:57
/module/data/BUILD/GAP8_V2/GCC_RISCV/model:1c00bcc6 0000003e T __rt_freq_init	/gap_sdk/rtos/pulp/pulp-os/kernel/gap/freq.c:62
/module/data/BUILD/GAP8_V2/GCC_RISCV/model:1c008980 00000040 t __pi_read_fs_direct_read_async	/gap_sdk/rtos/pmsis/pmsis_bsp/fs/read_fs/read_fs.c:624
/module/data/BUILD/GAP8_V2/GCC_RISCV/model:1c008f68 00000040 t __pi_read_fs_read_async	/gap_sdk/rtos/pmsis/pmsis_bsp/fs/read_fs/read_fs.c:586
/module/data/BUILD/GAP8_V2/GCC_RISCV/model:1c009190 00000040 t hyperflash_stall_task	/gap_sdk/rtos/pmsis/pmsis_bsp/flash/hyperflash/hyperflash.c:403
/module/data/BUILD/GAP8_V2/GCC_RISCV/model:1c0090aa 00000042 t __pi_host_fs_copy_async	/gap_sdk/rtos/pmsis/pmsis_bsp/fs/host_fs/host_fs.c:115
/module/data/BUILD/GAP8_V2/GCC_RISCV/model:1c00b37a 00000042 T __rt_bridge_printf_flush
/module/data/BUILD/GAP8_V2/GCC_RISCV/model:1c00d27e 00000042 t __rt_do_putc_host	/gap_sdk/rtos/pulp/pulp-os/libs/io/io.c:430
/module/data/BUILD/GAP8_V2/GCC_RISCV/model:1c00e64e 00000042 t __rt_uart_cluster_req	/gap_sdk/rtos/pulp/pulp-os/drivers_deprecated/uart/uart.c:266
/module/data/BUILD/GAP8_V2/GCC_RISCV/model:1c00e5e0 00000042 t __rt_uart_wait_tx_done.isra.6	/gap_sdk/rtos/pulp/pulp-os/drivers_deprecated/uart/uart.c:222
/module/data/BUILD/GAP8_V2/GCC_RISCV/model:1c009cf4 00000042 T pi_cl_ram_copy	/gap_sdk/rtos/pmsis/pmsis_bsp/ram/ram.c:54
/module/data/BUILD/GAP8_V2/GCC_RISCV/model:1c00c034 00000044 T InitFlls	/gap_sdk/rtos/pulp/pulp-os/kernel/gap/pmu_driver.c:858
/module/data/BUILD/GAP8_V2/GCC_RISCV/model:1c00da46 00000044 t _ldiv5	/gap_sdk/rtos/pulp/pulp-os/libs/io/prf.c:143
/module/data/BUILD/GAP8_V2/GCC_RISCV/model:1c0099d8 00000044 t hyperflash_erase_async	/gap_sdk/rtos/pmsis/pmsis_bsp/flash/hyperflash/hyperflash.c:705
/module/data/BUILD/GAP8_V2/GCC_RISCV/model:1c00b20e 00000046 t __rt_bridge_wait
/module/data/BUILD/GAP8_V2/GCC_RISCV/model:1c00b666 00000048 T rt_user_alloc	/gap_sdk/rtos/pulp/pulp-os/kernel/alloc.c:207
/module/data/BUILD/GAP8_V2/GCC_RISCV/model:1c00cae2 0000004a t __pi_hyper_copy_exec
/module/data/BUILD/GAP8_V2/GCC_RISCV/model:1c00c71e 0000004a T pi_cluster_send_task_to_cl	/gap_sdk/rtos/pulp/pulp-os/kernel/cluster_call.c:149
/module/data/BUILD/GAP8_V2/GCC_RISCV/model:1c00bc7c 0000004a T rt_freq_set_and_get	/gap_sdk/rtos/pulp/pulp-os/kernel/gap/freq.c:30
/module/data/BUILD/GAP8_V2/GCC_RISCV/model:1c00b2cc 0000004c T __rt_bridge_check_connection
/module/data/BUILD/GAP8_V2/GCC_RISCV/model:1c00af02 0000004c T rt_irq_set_handler	/gap_sdk/rtos/pulp/pulp-os/kernel/irq.c:61
/module/data/BUILD/GAP8_V2/GCC_RISCV/model:1c00b6ae 0000004c T rt_user_free	/gap_sdk/rtos/pulp/pulp-os/kernel/alloc.c:291
/module/data/BUILD/GAP8_V2/GCC_RISCV/model:1c008c9c 0000004e t __pi_read_fs_close
/module/data/BUILD/GAP8_V2/GCC_RISCV/model:1c00e754 0000004e T rt_uart_close	/gap_sdk/rtos/pulp/pulp-os/drivers_deprecated/uart/uart.c:228
/module/data/BUILD/GAP8_V2/GCC_RISCV/model:1c00af50 00000050 T __rt_handle_illegal_instr	/gap_sdk/rtos/pulp/pulp-os/kernel/irq.c:94
/module/data/BUILD/GAP8_V2/GCC_RISCV/model:1c00d22e 00000050 t __rt_io_uart_wait_req	/gap_sdk/rtos/pulp/pulp-os/libs/io/io.c:315
/module/data/BUILD/GAP8_V2/GCC_RISCV/model:1c009ac0 00000050 t hyperflash_check_program	/gap_sdk/rtos/pmsis/pmsis_bsp/flash/hyperflash/hyperflash.c:587
/module/data/BUILD/GAP8_V2/GCC_RISCV/model:1c00afa0 00000052 T __rt_irq_init	/gap_sdk/rtos/pulp/pulp-os/kernel/irq.c:103
/module/data/BUILD/GAP8_V2/GCC_RISCV/model:1c00cbf4 00000052 t exec_pending_task	/gap_sdk/rtos/pulp/pulp-os/drivers/hyper/hyperram-v1.c:867
/module/data/BUILD/GAP8_V2/GCC_RISCV/model:1c009d90 00000052 T extern_alloc_init	/gap_sdk/rtos/pmsis/pmsis_bsp/ram/alloc_extern.c:104
/module/data/BUILD/GAP8_V2/GCC_RISCV/model:1c009a6e 00000052 t hyperflash_check_erase	/gap_sdk/rtos/pmsis/pmsis_bsp/flash/hyperflash/hyperflash.c:623
/module/data/BUILD/GAP8_V2/GCC_RISCV/model:1c00d18c 00000054 T __rt_i2s_init	/gap_sdk/rtos/pulp/pulp-os/drivers_deprecated/i2s/i2s-v1.c:268
/module/data/BUILD/GAP8_V2/GCC_RISCV/model:1c00f3ec 00000054 d hyperflash_api	/gap_sdk/rtos/pmsis/pmsis_bsp/flash/hyperflash/hyperflash.c:822
/module/data/BUILD/GAP8_V2/GCC_RISCV/model:1c0087d0 00000056 T CNN_NormBW_offset_fps	/gap_sdk/tools/nntool/autotiler/kernels/norm_transpose.c:175
/module/data/BUILD/GAP8_V2/GCC_RISCV/model:1c00715e 00000056 t KerConv3x2from3x3Stride1_H_SQ8	/gap_sdk/tools/autotiler_v3/CNN_Libraries_SQ8/CNN_Conv_SQ8.c:383
/module/data/BUILD/GAP8_V2/GCC_RISCV/model:1c00cb2c 00000056 t __pi_hyper_copy	/gap_sdk/rtos/pulp/pulp-os/drivers/hyper/hyperram-v1.c:914
/module/data/BUILD/GAP8_V2/GCC_RISCV/model:1c00bbc8 00000056 T __rt_periph_wait_event	/gap_sdk/rtos/pulp/pulp-os/kernel/periph-v2.c:237
/module/data/BUILD/GAP8_V2/GCC_RISCV/model:1c0095aa 00000056 t hyperflash_reg_set_async	/gap_sdk/rtos/pmsis/pmsis_bsp/flash/hyperflash/hyperflash.c:226
/module/data/BUILD/GAP8_V2/GCC_RISCV/model:1c00ca8a 00000058 T __pi_hyper_copy_aligned	/gap_sdk/rtos/pulp/pulp-os/drivers/hyper/hyperram-v1.c:480
/module/data/BUILD/GAP8_V2/GCC_RISCV/model:1c00d01a 00000058 T rt_extern_alloc_init	/gap_sdk/rtos/pulp/pulp-os/kernel/alloc_extern.c:105
/module/data/BUILD/GAP8_V2/GCC_RISCV/model:1c00d2c0 0000005a t __rt_io_start	/gap_sdk/rtos/pulp/pulp-os/libs/io/io.c:746
/module/data/BUILD/GAP8_V2/GCC_RISCV/model:1c009d36 0000005a T pi_cl_ram_copy_2d	/gap_sdk/rtos/pmsis/pmsis_bsp/ram/ram.c:71
/module/data/BUILD/GAP8_V2/GCC_RISCV/model:1c00744a 0000005c t KerConv3x2from3x3Stride2_H_SQ8	/gap_sdk/tools/autotiler_v3/CNN_Libraries_SQ8/CNN_Conv_SQ8.c:446
/module/data/BUILD/GAP8_V2/GCC_RISCV/model:1c00910a 0000005c t __pi_host_fs_open	/gap_sdk/rtos/pmsis/pmsis_bsp/fs/host_fs/host_fs.c:44
/module/data/BUILD/GAP8_V2/GCC_RISCV/model:1c00e7d6 0000005c T __rt_uart_init	/gap_sdk/rtos/pulp/pulp-os/drivers_deprecated/uart/uart.c:292
/module/data/BUILD/GAP8_V2/GCC_RISCV/model:1c0096b2 0000005c t hyperflash_program_async	/gap_sdk/rtos/pmsis/pmsis_bsp/flash/hyperflash/hyperflash.c:605
/module/data/BUILD/GAP8_V2/GCC_RISCV/model:1c00c5c8 0000005c T rt_cluster_mount	/gap_sdk/rtos/pulp/pulp-os/kernel/pulpos_emu.c:68
/module/data/BUILD/GAP8_V2/GCC_RISCV/model:1c00bc1e 0000005e T __rt_periph_init	/gap_sdk/rtos/pulp/pulp-os/kernel/periph-v2.c:276
/module/data/BUILD/GAP8_V2/GCC_RISCV/model:1c00d68c 0000005e T __rt_putc_debug_bridge	/gap_sdk/rtos/pulp/pulp-os/libs/io/io.c:288
/module/data/BUILD/GAP8_V2/GCC_RISCV/model:1c009dea 0000005e T extern_alloc	/gap_sdk/rtos/pmsis/pmsis_bsp/ram/alloc_extern.c:135
/module/data/BUILD/GAP8_V2/GCC_RISCV/model:1c00954c 0000005e t hyperflash_reg_get_async	/gap_sdk/rtos/pmsis/pmsis_bsp/flash/hyperflash/hyperflash.c:240
/module/data/BUILD/GAP8_V2/GCC_RISCV/model:1c009ee4 0000005e T pi_partition_find_first	/gap_sdk/rtos/pmsis/pmsis_bsp/partition/partition.c:65
/module/data/BUILD/GAP8_V2/GCC_RISCV/model:1c00c150 00000062 t __rt_init_cluster_data	/gap_sdk/rtos/pulp/pulp-os/kernel/cluster.c:72
/module/data/BUILD/GAP8_V2/GCC_RISCV/model:1c00c1b2 00000064 t __rt_cluster_init	/gap_sdk/rtos/pulp/pulp-os/kernel/cluster.c:382
/module/data/BUILD/GAP8_V2/GCC_RISCV/model:1c00b57e 00000064 T __rt_event_execute	/gap_sdk/rtos/pulp/pulp-os/kernel/events.c:189
/module/data/BUILD/GAP8_V2/GCC_RISCV/model:1c00a0de 0000006c T flash_partition_find_first	/gap_sdk/rtos/pmsis/pmsis_bsp/partition/flash_partition.c:228
/module/data/BUILD/GAP8_V2/GCC_RISCV/model:1c009c5a 00000070 t __pi_ram_cluster_req
/module/data/BUILD/GAP8_V2/GCC_RISCV/model:1c00c450 00000070 T __rt_cluster_push_fc_event	/gap_sdk/rtos/pulp/pulp-os/kernel/cluster.c:413
/module/data/BUILD/GAP8_V2/GCC_RISCV/model:1c00d33a 00000070 t __rt_io_lock
/module/data/BUILD/GAP8_V2/GCC_RISCV/model:1c00d3de 00000070 t __rt_io_unlock
/module/data/BUILD/GAP8_V2/GCC_RISCV/model:1c008d84 00000072 t __pi_fs_read_cached	/gap_sdk/rtos/pmsis/pmsis_bsp/fs/read_fs/read_fs.c:434
/module/data/BUILD/GAP8_V2/GCC_RISCV/model:1c00b7a6 00000072 T __rt_allocs_init	/gap_sdk/rtos/pulp/pulp-os/kernel/alloc.c:465
/module/data/BUILD/GAP8_V2/GCC_RISCV/model:1c00d8f6 00000072 T __rt_io_init	/gap_sdk/rtos/pulp/pulp-os/libs/io/io.c:800
/module/data/BUILD/GAP8_V2/GCC_RISCV/model:1c009f42 00000074 T flash_partition_table_verify	/gap_sdk/rtos/pmsis/pmsis_bsp/partition/flash_partition.c:80
/module/data/BUILD/GAP8_V2/GCC_RISCV/model:1c00d876 00000076 T exit	/gap_sdk/rtos/pulp/pulp-os/libs/io/io.c:690
/module/data/BUILD/GAP8_V2/GCC_RISCV/model:1c0093d4 00000076 t hyperflash_read_async	/gap_sdk/rtos/pmsis/pmsis_bsp/flash/hyperflash/hyperflash.c:254
/module/data/BUILD/GAP8_V2/GCC_RISCV/model:1c00b4a8 00000076 T rt_event_alloc	/gap_sdk/rtos/pulp/pulp-os/kernel/events.c:52
/module/data/BUILD/GAP8_V2/GCC_RISCV/model:1c00b254 00000078 T __rt_bridge_handle_notif	/gap_sdk/rtos/pulp/pulp-os/kernel/bridge.c:644
/module/data/BUILD/GAP8_V2/GCC_RISCV/model:1c00b3bc 00000078 T __rt_bridge_req_shutdown	/gap_sdk/rtos/pulp/pulp-os/kernel/bridge.c:774
/module/data/BUILD/GAP8_V2/GCC_RISCV/model:1c00b878 0000007a T rt_event_push_delayed	/gap_sdk/rtos/pulp/pulp-os/kernel/time.c:59
/module/data/BUILD/GAP8_V2/GCC_RISCV/model:1c007ff0 0000007c t Ker_ActivationScale1_SQ8	/gap_sdk/tools/autotiler_v3/CNN_Libraries_SQ8/CNN_Pooling_SQ8.c:100
/module/data/BUILD/GAP8_V2/GCC_RISCV/model:1c00aff2 0000007c t __rt_fc_cluster_lock_req	/gap_sdk/rtos/pulp/pulp-os/kernel/utils.c:142
/module/data/BUILD/GAP8_V2/GCC_RISCV/model:1c008fe0 0000007e t __pi_host_fs_copy_2d_async	/gap_sdk/rtos/pmsis/pmsis_bsp/fs/host_fs/host_fs.c:126
/module/data/BUILD/GAP8_V2/GCC_RISCV/model:1c00f724 00000080 b __pi_hyper_temp_buffer	/gap_sdk/rtos/pulp/pulp-os/drivers/hyper/hyperram-v1.c:160
/module/data/BUILD/GAP8_V2/GCC_RISCV/model:1c00f83c 00000080 b __rt_io_event	/gap_sdk/rtos/pulp/pulp-os/libs/io/io.c:39
/module/data/BUILD/GAP8_V2/GCC_RISCV/model:1c00f5c8 00000080 d __rt_putc_host_buffer	/gap_sdk/rtos/pulp/pulp-os/libs/io/io.c:47
/module/data/BUILD/GAP8_V2/GCC_RISCV/model:1c00d07c 00000086 T __pi_gpio_handler	/gap_sdk/rtos/pulp/pulp-os/drivers/gpio/gpio-v2.c:54
/module/data/BUILD/GAP8_V2/GCC_RISCV/model:1c000eec 00000088 T __extendsfdf2	/home/haugoug/src/riscv-gnu-toolchain/riscv-gcc/libgcc/soft-fp/extendsfdf2.c:37
/module/data/BUILD/GAP8_V2/GCC_RISCV/model:1c00f670 00000088 b bsp_fs_data	/gap_sdk/rtos/pmsis/pmsis_bsp/fs/host_fs/host_fs.c:27
/module/data/BUILD/GAP8_V2/GCC_RISCV/model:1c0091d0 00000088 t hyperflash_read_2d_async	/gap_sdk/rtos/pmsis/pmsis_bsp/flash/hyperflash/hyperflash.c:266
/module/data/BUILD/GAP8_V2/GCC_RISCV/model:1c0059c6 00000088 T modelCNN_Destruct	/module/data/BUILD_MODEL_SQ8BIT/modelKernels.c:1340
/module/data/BUILD/GAP8_V2/GCC_RISCV/model:1c00b916 0000008c T __rt_time_init	/gap_sdk/rtos/pulp/pulp-os/kernel/time.c:136
/module/data/BUILD/GAP8_V2/GCC_RISCV/model:1c009e48 0000008c T extern_free	/gap_sdk/rtos/pmsis/pmsis_bsp/ram/alloc_extern.c:202
/module/data/BUILD/GAP8_V2/GCC_RISCV/model:1c00e6c6 0000008e T __rt_uart_open	/gap_sdk/rtos/pulp/pulp-os/drivers_deprecated/uart/uart.c:151
/module/data/BUILD/GAP8_V2/GCC_RISCV/model:1c000e5c 00000090 T __floatunsisf	/home/haugoug/src/riscv-gnu-toolchain/riscv-gcc/libgcc/soft-fp/floatunsisf.c:35
/module/data/BUILD/GAP8_V2/GCC_RISCV/model:1c00bd56 00000090 T __rt_pmu_cluster_power_down	/gap_sdk/rtos/pulp/pulp-os/kernel/gap/pmu_driver.c:205
/module/data/BUILD/GAP8_V2/GCC_RISCV/model:1c009746 00000090 t hyperflash_open	/gap_sdk/rtos/pmsis/pmsis_bsp/flash/hyperflash/hyperflash.c:152
/module/data/BUILD/GAP8_V2/GCC_RISCV/model:1c00c538 00000090 T rt_cluster_call	/gap_sdk/rtos/pulp/pulp-os/kernel/pulpos_emu.c:40
/module/data/BUILD/GAP8_V2/GCC_RISCV/model:1c008ed6 00000092 t __pi_read_fs_try_read	/gap_sdk/rtos/pmsis/pmsis_bsp/fs/read_fs/read_fs.c:537
/module/data/BUILD/GAP8_V2/GCC_RISCV/model:1c00d528 00000092 t __rt_io_uart_wait_pending	/gap_sdk/rtos/pulp/pulp-os/libs/io/io.c:332
/module/data/BUILD/GAP8_V2/GCC_RISCV/model:1c00d994 00000092 t _to_x	/gap_sdk/rtos/pulp/pulp-os/libs/io/prf.c:44
/module/data/BUILD/GAP8_V2/GCC_RISCV/model:1c00f7a4 00000098 b __rt_gpio	/gap_sdk/rtos/pulp/pulp-os/drivers/gpio/gpio-v2.c:34
/module/data/BUILD/GAP8_V2/GCC_RISCV/model:1c006e32 0000009a t KerConv3x2from3x3Stride1_H_2Out_SQ8	/gap_sdk/tools/autotiler_v3/CNN_Libraries_SQ8/CNN_Conv_SQ8.c:411
/module/data/BUILD/GAP8_V2/GCC_RISCV/model:1c006716 0000009a T KerParReduct_CC_SQ8	/gap_sdk/tools/autotiler_v3/CNN_Libraries_SQ8/CNN_Activation_SQ8.c:579
/module/data/BUILD/GAP8_V2/GCC_RISCV/model:1c008cea 0000009a t __pi_read_fs_mount	/gap_sdk/rtos/pmsis/pmsis_bsp/fs/read_fs/read_fs.c:242
/module/data/BUILD/GAP8_V2/GCC_RISCV/model:1c009ba6 0000009a t hyperram_open	/gap_sdk/rtos/pmsis/pmsis_bsp/ram/hyperram/hyperram.c:40
/module/data/BUILD/GAP8_V2/GCC_RISCV/model:1c00aa52 0000009c T MD5_Update	/gap_sdk/rtos/pmsis/pmsis_bsp/crc/md5.c:218
/module/data/BUILD/GAP8_V2/GCC_RISCV/model:1c00cedc 0000009e t __pi_hyper_copy_2d	/gap_sdk/rtos/pulp/pulp-os/drivers/hyper/hyperram-v1.c:946
/module/data/BUILD/GAP8_V2/GCC_RISCV/model:1c00c9ec 0000009e T pi_hyper_close	/gap_sdk/rtos/pulp/pulp-os/drivers/hyper/hyperram-v1.c:337
/module/data/BUILD/GAP8_V2/GCC_RISCV/model:1c005ca0 000000a2 T SkipCommentAndWhiteSpace	/gap_sdk/libs/gap_lib/img_io/ImgIO.c:40
/module/data/BUILD/GAP8_V2/GCC_RISCV/model:1c00bec6 000000a4 T InitOneFll	/gap_sdk/rtos/pulp/pulp-os/kernel/gap/pmu_driver.c:771
/module/data/BUILD/GAP8_V2/GCC_RISCV/model:1c00932e 000000a6 t hyperflash_erase_chip_async	/gap_sdk/rtos/pmsis/pmsis_bsp/flash/hyperflash/hyperflash.c:640
/module/data/BUILD/GAP8_V2/GCC_RISCV/model:1c00992e 000000aa t hyperflash_erase_resume	/gap_sdk/rtos/pmsis/pmsis_bsp/flash/hyperflash/hyperflash.c:680
/module/data/BUILD/GAP8_V2/GCC_RISCV/model:1c00d726 000000ac t tfp_putc.isra.9	/gap_sdk/rtos/pulp/pulp-os/libs/io/io.c:795
/module/data/BUILD/GAP8_V2/GCC_RISCV/model:1c0067b0 000000ae T KerParReductIO_CC_SQ8	/gap_sdk/tools/autotiler_v3/CNN_Libraries_SQ8/CNN_Activation_SQ8.c:694
/module/data/BUILD/GAP8_V2/GCC_RISCV/model:1c00927e 000000b0 t hyperflash_erase_sector_async	/gap_sdk/rtos/pmsis/pmsis_bsp/flash/hyperflash/hyperflash.c:659
/module/data/BUILD/GAP8_V2/GCC_RISCV/model:1c005d42 000000b2 T ReadValue	/gap_sdk/libs/gap_lib/img_io/ImgIO.c:55
/module/data/BUILD/GAP8_V2/GCC_RISCV/model:1c009600 000000b2 t hyperflash_program_resume	/gap_sdk/rtos/pmsis/pmsis_bsp/flash/hyperflash/hyperflash.c:518
/module/data/BUILD/GAP8_V2/GCC_RISCV/model:1c00685e 000000b4 T KerParSetBiasB32_SQ8	/gap_sdk/tools/autotiler_v3/CNN_Libraries_SQ8/CNN_Bias_Linear_SQ8.c:40
/module/data/BUILD/GAP8_V2/GCC_RISCV/model:1c00c078 000000bc T __rt_pmu_init	/gap_sdk/rtos/pulp/pulp-os/kernel/gap/pmu_driver.c:472
/module/data/BUILD/GAP8_V2/GCC_RISCV/model:1c00f4a0 000000c0 D __hal_debug_struct
/module/data/BUILD/GAP8_V2/GCC_RISCV/model:1c000f74 000000c0 t cluster	/module/data/model.c:51
/module/data/BUILD/GAP8_V2/GCC_RISCV/model:1c007096 000000c8 t KerConv2x3from3x3Stride1_V_SQ8	/gap_sdk/tools/autotiler_v3/CNN_Libraries_SQ8/CNN_Conv_SQ8.c:191
/module/data/BUILD/GAP8_V2/GCC_RISCV/model:1c00bf6a 000000ca T __rt_pmu_cluster_power_up
/module/data/BUILD/GAP8_V2/GCC_RISCV/model:1c006fca 000000cc t KerConv3x3Stride1_Body_SQ8	/gap_sdk/tools/autotiler_v3/CNN_Libraries_SQ8/CNN_Conv_SQ8.c:2318
/module/data/BUILD/GAP8_V2/GCC_RISCV/model:1c007378 000000d2 t KerConv2x3from3x3Stride2_V_SQ8	/gap_sdk/tools/autotiler_v3/CNN_Libraries_SQ8/CNN_Conv_SQ8.c:293
/module/data/BUILD/GAP8_V2/GCC_RISCV/model:1c0072a4 000000d4 t KerConv3x3Stride2_Body_SQ8	/gap_sdk/tools/autotiler_v3/CNN_Libraries_SQ8/CNN_Conv_SQ8.c:2403
/module/data/BUILD/GAP8_V2/GCC_RISCV/model:1c00828c 000000d8 t KerParPoolActivation	/gap_sdk/tools/autotiler_v3/CNN_Libraries_SQ8/CNN_Pooling_SQ8.c:1245
/module/data/BUILD/GAP8_V2/GCC_RISCV/model:1c00c346 000000d8 T pi_cluster_open	/gap_sdk/rtos/pulp/pulp-os/kernel/cluster.c:343
/module/data/BUILD/GAP8_V2/GCC_RISCV/model:1c00d44e 000000da t __rt_io_uart_flush.constprop.11	/gap_sdk/rtos/pulp/pulp-os/libs/io/io.c:795
/module/data/BUILD/GAP8_V2/GCC_RISCV/model:1c00bde6 000000e0 T SetFllFrequency
/module/data/BUILD/GAP8_V2/GCC_RISCV/model:1c008df6 000000e0 T __pi_fs_read	/gap_sdk/rtos/pmsis/pmsis_bsp/fs/read_fs/read_fs.c:455
/module/data/BUILD/GAP8_V2/GCC_RISCV/model:1c0071b4 000000f0 t KerConv3x3BorderStride1_SQ8	/gap_sdk/tools/autotiler_v3/CNN_Libraries_SQ8/CNN_Conv_SQ8.c:1608
/module/data/BUILD/GAP8_V2/GCC_RISCV/model:1c00b9a2 000000f2 T __rt_timer_handler	/gap_sdk/rtos/pulp/pulp-os/kernel/time_irq.c:30
/module/data/BUILD/GAP8_V2/GCC_RISCV/model:1c0074a6 000000f8 t KerConv3x3BorderStride2_SQ8	/gap_sdk/tools/autotiler_v3/CNN_Libraries_SQ8/CNN_Conv_SQ8.c:1663
/module/data/BUILD/GAP8_V2/GCC_RISCV/model:1c00c624 000000fa T pi_cluster_send_task_to_cl_async	/gap_sdk/rtos/pulp/pulp-os/kernel/cluster_call.c:65
/module/data/BUILD/GAP8_V2/GCC_RISCV/model:1c006ecc 000000fe t KerConv3x3BorderStride1_2Out_SQ8	/gap_sdk/tools/autotiler_v3/CNN_Libraries_SQ8/CNN_Conv_SQ8.c:1635
/module/data/BUILD/GAP8_V2/GCC_RISCV/model:1c00eac8 00000100 R __clz_tab
/module/data/BUILD/GAP8_V2/GCC_RISCV/model:1c00944a 00000102 t hyperflash_handle_pending_task	/gap_sdk/rtos/pmsis/pmsis_bsp/flash/hyperflash/hyperflash.c:280
/module/data/BUILD/GAP8_V2/GCC_RISCV/model:1c009fb6 00000104 T flash_partition_table_load	/gap_sdk/rtos/pmsis/pmsis_bsp/partition/flash_partition.c:114
/module/data/BUILD/GAP8_V2/GCC_RISCV/model:1c006bda 00000120 t KerConv3x3Stride1_Body_2Out_SQ8	/gap_sdk/tools/autotiler_v3/CNN_Libraries_SQ8/CNN_Conv_SQ8.c:2358
/module/data/BUILD/GAP8_V2/GCC_RISCV/model:1c008b76 00000126 t __pi_fs_mount_step	/gap_sdk/rtos/pmsis/pmsis_bsp/fs/read_fs/read_fs.c:140
/module/data/BUILD/GAP8_V2/GCC_RISCV/model:1c008a50 00000126 t __pi_read_fs_open	/gap_sdk/rtos/pmsis/pmsis_bsp/fs/read_fs/read_fs.c:295
/module/data/BUILD/GAP8_V2/GCC_RISCV/model:1c00c216 0000012a t __rt_cluster_mount_step	/gap_sdk/rtos/pulp/pulp-os/kernel/cluster.c:221
/module/data/BUILD/GAP8_V2/GCC_RISCV/model:1c0065e8 0000012e t KerReductIO_Compact_SQ8_1	/gap_sdk/tools/autotiler_v3/CNN_Libraries_SQ8/CNN_Activation_SQ8.c:555
/module/data/BUILD/GAP8_V2/GCC_RISCV/model:1c00ba94 00000134 T rt_periph_copy	/gap_sdk/rtos/pulp/pulp-os/kernel/periph-v2.c:58
/module/data/BUILD/GAP8_V2/GCC_RISCV/model:1c006cfa 00000138 t KerConv2x3from3x3Stride1_V_2Out_SQ8	/gap_sdk/tools/autotiler_v3/CNN_Libraries_SQ8/CNN_Conv_SQ8.c:237
/module/data/BUILD/GAP8_V2/GCC_RISCV/model:1c00aaee 00000138 T MD5_Final	/gap_sdk/rtos/pmsis/pmsis_bsp/crc/md5.c:258
/module/data/BUILD/GAP8_V2/GCC_RISCV/model:1c006912 00000140 T KerParLinearLayer_SQ8	/gap_sdk/tools/autotiler_v3/CNN_Libraries_SQ8/CNN_Bias_Linear_SQ8.c:163
/module/data/BUILD/GAP8_V2/GCC_RISCV/model:1c00c88c 00000160 T pi_hyper_open	/gap_sdk/rtos/pulp/pulp-os/drivers/hyper/hyperram-v1.c:261
/module/data/BUILD/GAP8_V2/GCC_RISCV/model:1c00ad6e 00000168 T __rt_init	/gap_sdk/rtos/pulp/pulp-os/kernel/init.c:74
/module/data/BUILD/GAP8_V2/GCC_RISCV/model:1c006a52 0000016e T KerParLinearLayerFullFeatB32_SQ8	/gap_sdk/tools/autotiler_v3/CNN_Libraries_SQ8/CNN_Bias_Linear_SQ8.c:378
/module/data/BUILD/GAP8_V2/GCC_RISCV/model:1c008364 0000018e T KerParPool2x2Stride2_ReLU_SQ8	/gap_sdk/tools/autotiler_v3/CNN_Libraries_SQ8/CNN_Pooling_SQ8.c:1299
/module/data/BUILD/GAP8_V2/GCC_RISCV/model:1c0077e2 0000019e T KerParConv3x3Stride2_SQ8	/gap_sdk/tools/autotiler_v3/CNN_Libraries_SQ8/CNN_Conv_SQ8.c:3474
/module/data/BUILD/GAP8_V2/GCC_RISCV/model:1c000c5e 000001fe T __divsf3	/home/haugoug/src/riscv-gnu-toolchain/riscv-gcc/libgcc/soft-fp/divsf3.c:35
/module/data/BUILD/GAP8_V2/GCC_RISCV/model:1c00806c 00000220 t Ker_Activation_SQ8	/gap_sdk/tools/autotiler_v3/CNN_Libraries_SQ8/CNN_Pooling_SQ8.c:44
/module/data/BUILD/GAP8_V2/GCC_RISCV/model:1c001034 00000222 T test_model	/module/data/model.c:77
/module/data/BUILD/GAP8_V2/GCC_RISCV/model:1c00759e 00000244 T KerParConv3x3Stride1_SQ8	/gap_sdk/tools/autotiler_v3/CNN_Libraries_SQ8/CNN_Conv_SQ8.c:3429
/module/data/BUILD/GAP8_V2/GCC_RISCV/model:1c005a4e 00000252 T modelCNN	/module/data/BUILD_MODEL_SQ8BIT/modelKernels.c:1369
/module/data/BUILD/GAP8_V2/GCC_RISCV/model:00000030 00000280 D periph_channels
/module/data/BUILD/GAP8_V2/GCC_RISCV/model:1c007d62 0000028e t KerAvgPool2x2Stride2_SQ8	/gap_sdk/tools/autotiler_v3/CNN_Libraries_SQ8/CNN_Pooling_SQ8.c:252
/module/data/BUILD/GAP8_V2/GCC_RISCV/model:1c004ae6 00000290 T S7_SoftMax	/module/data/BUILD_MODEL_SQ8BIT/modelKernels.c:1156
/module/data/BUILD/GAP8_V2/GCC_RISCV/model:1c00cc46 00000296 t __pi_hyper_copy_misaligned	/gap_sdk/rtos/pulp/pulp-os/drivers/hyper/hyperram-v1.c:806
/module/data/BUILD/GAP8_V2/GCC_RISCV/model:1c0084f2 000002de T KerParSoftMax_SQ8	/gap_sdk/tools/autotiler_v3/CNN_Libraries_SQ8/CNN_SoftMax_SQ8.c:183
/module/data/BUILD/GAP8_V2/GCC_RISCV/model:1c000930 0000032e T __umoddi3	/home/haugoug/src/riscv-gnu-toolchain/riscv-gcc/libgcc/libgcc2.c:1305
/module/data/BUILD/GAP8_V2/GCC_RISCV/model:1c0005f4 0000033c T __udivdi3	/home/haugoug/src/riscv-gnu-toolchain/riscv-gcc/libgcc/libgcc2.c:1317
/module/data/BUILD/GAP8_V2/GCC_RISCV/model:1c00799a 000003c8 t KerMaxPool2x2Stride2_SQ8	/gap_sdk/tools/autotiler_v3/CNN_Libraries_SQ8/CNN_Pooling_SQ8.c:184
/module/data/BUILD/GAP8_V2/GCC_RISCV/model:1c001268 00000542 T S1_Op_input_1_formatter	/module/data/BUILD_MODEL_SQ8BIT/modelKernels.c:7
/module/data/BUILD/GAP8_V2/GCC_RISCV/model:1c004546 000005a0 T S6_Linear_2x64	/module/data/BUILD_MODEL_SQ8BIT/modelKernels.c:1039
/module/data/BUILD/GAP8_V2/GCC_RISCV/model:1c005df4 000007f4 T ReadImageFromFile	/gap_sdk/libs/gap_lib/img_io/ImgIO.c:272
/module/data/BUILD/GAP8_V2/GCC_RISCV/model:1b000398 00000800 D __rt_fc_stack	/gap_sdk/rtos/pulp/pulp-os/kernel/conf.c:38
/module/data/BUILD/GAP8_V2/GCC_RISCV/model:1c00a14a 000008d6 t body	/gap_sdk/rtos/pmsis/pmsis_bsp/crc/md5.c:100
/module/data/BUILD/GAP8_V2/GCC_RISCV/model:1c003b86 000009c0 T S5_Linear_64x13x18x128	/module/data/BUILD_MODEL_SQ8BIT/modelKernels.c:806
/module/data/BUILD/GAP8_V2/GCC_RISCV/model:1c00dabe 00000ab6 T _prf	/gap_sdk/rtos/pulp/pulp-os/libs/io/prf.c:437
/module/data/BUILD/GAP8_V2/GCC_RISCV/model:1c0017aa 00000b98 T S2_Conv2d_32x1x3x3_MaxPool_2x2_Relu	/module/data/BUILD_MODEL_SQ8BIT/modelKernels.c:99
/module/data/BUILD/GAP8_V2/GCC_RISCV/model:1c002342 00000bd2 T S3_Conv2d_64x32x3x3_MaxPool_2x2_Relu	/module/data/BUILD_MODEL_SQ8BIT/modelKernels.c:335
/module/data/BUILD/GAP8_V2/GCC_RISCV/model:1c004d76 00000c50 T modelCNN_Construct	/module/data/BUILD_MODEL_SQ8BIT/modelKernels.c:1220
/module/data/BUILD/GAP8_V2/GCC_RISCV/model:1c002f14 00000c72 T S4_Conv2d_128x64x3x3_MaxPool_2x2_Relu	/module/data/BUILD_MODEL_SQ8BIT/modelKernels.c:567
